// Jest Snapshot v1, https://goo.gl/fbAQLP

exports[`ShopperPage should correctly render with props 1`] = `
<WithStyles(ForwardRef(Container))
  className="makeStyles-root-1"
  maxWidth="xl"
>
  <WithStyles(ForwardRef(Grid))
    container={true}
    spacing={3}
  >
    <WithStyles(ForwardRef(Grid))
      item={true}
      md={6}
    >
      <WithStyles(ForwardRef(Typography))
        variant="subtitle1"
      >
        Artificial Cashier
      </WithStyles(ForwardRef(Typography))>
    </WithStyles(ForwardRef(Grid))>
    <WithStyles(ForwardRef(Grid))
      item={true}
      xs={6}
    >
      <WithStyles(ForwardRef(Typography))
        variant="subtitle1"
      >
        Product Catalogue
      </WithStyles(ForwardRef(Typography))>
    </WithStyles(ForwardRef(Grid))>
  </WithStyles(ForwardRef(Grid))>
  <WithStyles(ForwardRef(Grid))
    container={true}
    spacing={3}
  >
    <WithStyles(ForwardRef(Grid))
      item={true}
      md={6}
    >
      <withRouter(Connect(ArtificialCashier)) />
    </WithStyles(ForwardRef(Grid))>
    <WithStyles(ForwardRef(Grid))
      item={true}
      xs={6}
    >
      <WithStyles(ForwardRef(Grid))
        container={true}
        spacing={3}
      >
        <WithStyles(ForwardRef(Grid))
          item={true}
          xs={12}
        >
          <ProductSearchBox
            onChange={[Function]}
            value=""
          />
        </WithStyles(ForwardRef(Grid))>
      </WithStyles(ForwardRef(Grid))>
      <Connect(ProductCatalog)
        limit={9}
        retailer="Mock Retailer"
        searchQuery=""
        shopperId={1}
      />
      <hr
        className="makeStyles-mt-2"
      />
      <WithStyles(ForwardRef(Typography))
        variant="subtitle1"
      >
        Shopping Basket
      </WithStyles(ForwardRef(Typography))>
      <Connect(Basket)
        shopperId={1}
      />
    </WithStyles(ForwardRef(Grid))>
  </WithStyles(ForwardRef(Grid))>
</WithStyles(ForwardRef(Container))>
`;
