// Jest Snapshot v1, https://goo.gl/fbAQLP

exports[`Navbar should correctly render 1`] = `ShallowWrapper {}`;
